Registry: 0xe7f1725E7734CE288F8367e1Bb143E90bb3F0512 | network: localhost

=== Case A (unsupported asset DOGE -> explicit error) ===
holdings: {"BTC":0.5,"ETH":2,"DOGE":100}
PASS  Case A (unsupported asset DOGE -> explicit error) [1] TEE pubkey on-chain == /public-key  | chain=04ba5734d8f709171947... svc=04ba5734d8f709171947...
PASS  Case A (unsupported asset DOGE -> explicit error) [3] requestAnalysis mined, taskId from event  | tx=0x2e9f060dd85d432f... taskId=0
PASS  Case A (unsupported asset DOGE -> explicit error) [4] POST /analyze 200, fields present  | task_id=0 onchain_submitted=true
PASS  Case A (unsupported asset DOGE -> explicit error) [5] encrypted_result decrypts with session SK
  result_json: {"error":"price provider failed: unknown symbol(s) ['DOGE']: supported symbols are ['BTC', 'ETH', 'FLR']","status":"error"}
PASS  Case A (unsupported asset DOGE -> explicit error) [6] analysis surfaces explicit error for unsupported asset (no fake price)  | error="price provider failed: unknown symbol(s) ['DOGE']: supported symbols are ['BTC', 'ETH', 'FLR']"
PASS  Case A (unsupported asset DOGE -> explicit error) [7] keccak256(result_json) == response result_hash  | recomputed=0xc5a9b641f2e1a974... resp=0xc5a9b641f2e1a974...
PASS  Case A (unsupported asset DOGE -> explicit error) [8] ecrecover(attestation) == on-chain teeAddress  | recovered=0x70997970C51812dc3A010C7d01b50e0d17dc79C8 tee=0x70997970C51812dc3A010C7d01b50e0d17dc79C8
PASS  Case A (unsupported asset DOGE -> explicit error) [8b] attestation fields consistent (task_id, result_hash, tee_address, mode)
PASS  Case A (unsupported asset DOGE -> explicit error) [9a] onchain_submitted == true
PASS  Case A (unsupported asset DOGE -> explicit error) [9b] on-chain tasks(0).status == 3 (Verified)  | status=3
PASS  Case A (unsupported asset DOGE -> explicit error) [9c] on-chain resultHash == response result_hash  | chain=0xc5a9b641f2e1a974...

=== Case B (BTC+ETH full happy path) ===
holdings: {"BTC":0.5,"ETH":2}
PASS  Case B (BTC+ETH full happy path) [1] TEE pubkey on-chain == /public-key  | chain=04ba5734d8f709171947... svc=04ba5734d8f709171947...
PASS  Case B (BTC+ETH full happy path) [3] requestAnalysis mined, taskId from event  | tx=0xa87f8ee57f39aa1d... taskId=1
PASS  Case B (BTC+ETH full happy path) [4] POST /analyze 200, fields present  | task_id=1 onchain_submitted=true
PASS  Case B (BTC+ETH full happy path) [5] encrypted_result decrypts with session SK
  result_json: {"analysis_mode":"rule-fallback","holdings":[{"amount":0.5,"symbol":"BTC","value_usd":32500.0,"weight_pct":82.28},{"amount":2.0,"symbol":"ETH","value_usd":7000.0,"weight_pct":17.72}],"price_source":"offline-fixture","prices_used":{"BTC":65000.0,"ETH":3500.0},"rebalance":[{"action":"decrease","reason":"BTC \u6743\u91cd 82.3% \u8fc7\u9ad8\uff0c\u5355\u4e00\u8d44\u4ea7\u96c6\u4e2d\u5ea6\u98ce\u9669\u663e\u8457\uff0c\u5efa\u8bae\u5206\u6279\u51cf\u4ed3\u4ee5\u5206\u6563\u98ce\u9669\u3002","symbol":"BTC"},{"action":"increase","reason":"\u7ec4\u5408\u8fc7\u5ea6\u96c6\u4e2d\u4e8e BTC\uff0c\u9002\u5ea6\u589e\u6301\u4e3b\u6d41\u8d44\u4ea7 ETH \u6709\u52a9\u4e8e\u964d\u4f4e\u6574\u4f53\u6ce2\u52a8\u3002","symbol":"ETH"}],"risk_level":"medium","risk_score":46,"status":"success","summary":"\u7ec4\u5408\u603b\u5e02\u503c\u7ea6 39,500.00 \u7f8e\u5143\uff0c\u5171\u6301\u6709 2 \u79cd\u8d44\u4ea7\u3002\u6700\u5927\u6301\u4ed3\u4e3a BTC\uff0c\u6743\u91cd 82.3%\u3002\u6309\u96c6\u4e2d\u5ea6\u542f\u53d1\u5f0f\u6a21\u578b\u8bc4\u4f30\uff0c\u98ce\u9669\u8bc4\u5206 46/100\uff0c\u5c5e\u4e2d\u7b49\u98ce\u9669\u3002\u7ec4\u5408\u96c6\u4e2d\u5ea6\u504f\u9ad8\uff0c\u5efa\u8bae\u9002\u5f53\u964d\u4f4e\u5355\u4e00\u8d44\u4ea7\u66b4\u9732\u3002\uff08\u672c\u7ed3\u679c\u7531\u89c4\u5219\u5f15\u64ce\u751f\u6210\u3002\uff09","total_value_usd":39500.0}
PASS  Case B (BTC+ETH full happy path) [6a] plaintext holdings appear in analysis
PASS  Case B (BTC+ETH full happy path) [6b] price_source == "offline-fixture" (no unlabeled fake price)  | price_source=offline-fixture
PASS  Case B (BTC+ETH full happy path) [7] keccak256(result_json) == response result_hash  | recomputed=0x1cf7ef8c585ca9ef... resp=0x1cf7ef8c585ca9ef...
PASS  Case B (BTC+ETH full happy path) [8] ecrecover(attestation) == on-chain teeAddress  | recovered=0x70997970C51812dc3A010C7d01b50e0d17dc79C8 tee=0x70997970C51812dc3A010C7d01b50e0d17dc79C8
PASS  Case B (BTC+ETH full happy path) [8b] attestation fields consistent (task_id, result_hash, tee_address, mode)
PASS  Case B (BTC+ETH full happy path) [9a] onchain_submitted == true
PASS  Case B (BTC+ETH full happy path) [9b] on-chain tasks(1).status == 3 (Verified)  | status=3
PASS  Case B (BTC+ETH full happy path) [9c] on-chain resultHash == response result_hash  | chain=0x1cf7ef8c585ca9ef...

===== SUMMARY: 23/23 checks passed =====
